This is pdfTeX, Version 3.141592653-2.6-1.40.26 (TeX Live 2024) (preloaded format=pdflatex 2024.9.18)  4 DEC 2025 21:27
entering extended mode
 restricted \write18 enabled.
 file:line:error style messages enabled.
 %&-line parsing enabled.
**"/Users/oliviareich/Desktop/final-project-4AL3/LaTeX Documentation/main.tex"
(/Users/oliviareich/Desktop/final-project-4AL3/LaTeX Documentation/main.tex
LaTeX2e <2023-11-01> patch level 1
L3 programming layer <2024-02-20>
(/usr/local/texlive/2024/texmf-dist/tex/latex/base/article.cls
Document Class: article 2023/05/17 v1.4n Standard LaTeX document class
(/usr/local/texlive/2024/texmf-dist/tex/latex/base/size11.clo
File: size11.clo 2023/05/17 v1.4n Standard LaTeX file (size option)
)
\c@part=\count188
\c@section=\count189
\c@subsection=\count190
\c@subsubsection=\count191
\c@paragraph=\count192
\c@subparagraph=\count193
\c@figure=\count194
\c@table=\count195
\abovecaptionskip=\skip48
\belowcaptionskip=\skip49
\bibindent=\dimen140
) (./acl.sty
Conference Style for ACL
(/usr/local/texlive/2024/texmf-dist/tex/latex/xcolor/xcolor.sty
Package: xcolor 2023/11/15 v3.01 LaTeX color extensions (UK)
 (/usr/local/texlive/2024/texmf-dist/tex/latex/graphics-cfg/color.cfg
File: color.cfg 2016/01/02 v1.6 sample color configuration
)
Package xcolor Info: Driver file: pdftex.def on input line 274.
 (/usr/local/texlive/2024/texmf-dist/tex/latex/graphics-def/pdftex.def
File: pdftex.def 2022/09/22 v1.2b Graphics/color driver for pdftex
) (/usr/local/texlive/2024/texmf-dist/tex/latex/graphics/mathcolor.ltx)
Package xcolor Info: Model `cmy' substituted by `cmy0' on input line 1350.
Package xcolor Info: Model `hsb' substituted by `rgb' on input line 1354.
Package xcolor Info: Model `RGB' extended on input line 1366.
Package xcolor Info: Model `HTML' substituted by `rgb' on input line 1368.
Package xcolor Info: Model `Hsb' substituted by `hsb' on input line 1369.
Package xcolor Info: Model `tHsb' substituted by `hsb' on input line 1370.
Package xcolor Info: Model `HSB' substituted by `hsb' on input line 1371.
Package xcolor Info: Model `Gray' substituted by `gray' on input line 1372.
Package xcolor Info: Model `wave' substituted by `hsb' on input line 1373.
) (/usr/local/texlive/2024/texmf-dist/tex/latex/geometry/geometry.sty
Package: geometry 2020/01/02 v5.9 Page Geometry
 (/usr/local/texlive/2024/texmf-dist/tex/latex/graphics/keyval.sty
Package: keyval 2022/05/29 v1.15 key=value parser (DPC)
\KV@toks@=\toks17
) (/usr/local/texlive/2024/texmf-dist/tex/generic/iftex/ifvtex.sty
Package: ifvtex 2019/10/25 v1.7 ifvtex legacy package. Use iftex instead.
 (/usr/local/texlive/2024/texmf-dist/tex/generic/iftex/iftex.sty
Package: iftex 2022/02/03 v1.0f TeX engine tests
))
\Gm@cnth=\count196
\Gm@cntv=\count197
\c@Gm@tempcnt=\count198
\Gm@bindingoffset=\dimen141
\Gm@wd@mp=\dimen142
\Gm@odd@mp=\dimen143
\Gm@even@mp=\dimen144
\Gm@layoutwidth=\dimen145
\Gm@layoutheight=\dimen146
\Gm@layouthoffset=\dimen147
\Gm@layoutvoffset=\dimen148
\Gm@dimlist=\toks18
)
\titlebox=\skip50
 (/usr/local/texlive/2024/texmf-dist/tex/latex/caption/caption.sty
Package: caption 2023/08/05 v3.6o Customizing captions (AR)
 (/usr/local/texlive/2024/texmf-dist/tex/latex/caption/caption3.sty
Package: caption3 2023/07/31 v2.4d caption3 kernel (AR)
\caption@tempdima=\dimen149
\captionmargin=\dimen150
\caption@leftmargin=\dimen151
\caption@rightmargin=\dimen152
\caption@width=\dimen153
\caption@indent=\dimen154
\caption@parindent=\dimen155
\caption@hangindent=\dimen156
Package caption Info: Standard document class detected.
)
\c@caption@flags=\count199
\c@continuedfloat=\count266
) (/usr/local/texlive/2024/texmf-dist/tex/latex/natbib/natbib.sty
Package: natbib 2010/09/13 8.31b (PWD, AO)
\bibhang=\skip51
\bibsep=\skip52
LaTeX Info: Redefining \cite on input line 694.
\c@NAT@ctr=\count267
) (/usr/local/texlive/2024/texmf-dist/tex/latex/hyperref/hyperref.sty
Package: hyperref 2024-01-20 v7.01h Hypertext links for LaTeX
 (/usr/local/texlive/2024/texmf-dist/tex/latex/kvsetkeys/kvsetkeys.sty
Package: kvsetkeys 2022-10-05 v1.19 Key value parser (HO)
) (/usr/local/texlive/2024/texmf-dist/tex/generic/kvdefinekeys/kvdefinekeys.sty
Package: kvdefinekeys 2019-12-19 v1.6 Define keys (HO)
) (/usr/local/texlive/2024/texmf-dist/tex/generic/pdfescape/pdfescape.sty
Package: pdfescape 2019/12/09 v1.15 Implements pdfTeX's escape features (HO)
 (/usr/local/texlive/2024/texmf-dist/tex/generic/ltxcmds/ltxcmds.sty
Package: ltxcmds 2023-12-04 v1.26 LaTeX kernel commands for general use (HO)
) (/usr/local/texlive/2024/texmf-dist/tex/generic/pdftexcmds/pdftexcmds.sty
Package: pdftexcmds 2020-06-27 v0.33 Utility functions of pdfTeX for LuaTeX (HO)
 (/usr/local/texlive/2024/texmf-dist/tex/generic/infwarerr/infwarerr.sty
Package: infwarerr 2019/12/03 v1.5 Providing info/warning/error messages (HO)
)
Package pdftexcmds Info: \pdf@primitive is available.
Package pdftexcmds Info: \pdf@ifprimitive is available.
Package pdftexcmds Info: \pdfdraftmode found.
)) (/usr/local/texlive/2024/texmf-dist/tex/latex/hycolor/hycolor.sty
Package: hycolor 2020-01-27 v1.10 Color options for hyperref/bookmark (HO)
) (/usr/local/texlive/2024/texmf-dist/tex/latex/auxhook/auxhook.sty
Package: auxhook 2019-12-17 v1.6 Hooks for auxiliary files (HO)
) (/usr/local/texlive/2024/texmf-dist/tex/latex/hyperref/nameref.sty
Package: nameref 2023-11-26 v2.56 Cross-referencing by name of section
 (/usr/local/texlive/2024/texmf-dist/tex/latex/refcount/refcount.sty
Package: refcount 2019/12/15 v3.6 Data extraction from label references (HO)
) (/usr/local/texlive/2024/texmf-dist/tex/generic/gettitlestring/gettitlestring.sty
Package: gettitlestring 2019/12/15 v1.6 Cleanup title references (HO)
 (/usr/local/texlive/2024/texmf-dist/tex/latex/kvoptions/kvoptions.sty
Package: kvoptions 2022-06-15 v3.15 Key value format for package options (HO)
))
\c@section@level=\count268
) (/usr/local/texlive/2024/texmf-dist/tex/latex/etoolbox/etoolbox.sty
Package: etoolbox 2020/10/05 v2.5k e-TeX tools for LaTeX (JAW)
\etb@tempcnta=\count269
)
\@linkdim=\dimen157
\Hy@linkcounter=\count270
\Hy@pagecounter=\count271
 (/usr/local/texlive/2024/texmf-dist/tex/latex/hyperref/pd1enc.def
File: pd1enc.def 2024-01-20 v7.01h Hyperref: PDFDocEncoding definition (HO)
Now handling font encoding PD1 ...
... no UTF-8 mapping file for font encoding PD1
) (/usr/local/texlive/2024/texmf-dist/tex/generic/intcalc/intcalc.sty
Package: intcalc 2019/12/15 v1.3 Expandable calculations with integers (HO)
)
\Hy@SavedSpaceFactor=\count272
 (/usr/local/texlive/2024/texmf-dist/tex/latex/hyperref/puenc.def
File: puenc.def 2024-01-20 v7.01h Hyperref: PDF Unicode definition (HO)
Now handling font encoding PU ...
... no UTF-8 mapping file for font encoding PU
)
Package hyperref Info: Option `breaklinks' set `true' on input line 4062.
Package hyperref Info: Hyper figures OFF on input line 4179.
Package hyperref Info: Link nesting OFF on input line 4184.
Package hyperref Info: Hyper index ON on input line 4187.
Package hyperref Info: Plain pages OFF on input line 4194.
Package hyperref Info: Backreferencing OFF on input line 4199.
Package hyperref Info: Implicit mode ON; LaTeX internals redefined.
Package hyperref Info: Bookmarks ON on input line 4446.
\c@Hy@tempcnt=\count273
 (/usr/local/texlive/2024/texmf-dist/tex/latex/url/url.sty
\Urlmuskip=\muskip16
Package: url 2013/09/16  ver 3.4  Verb mode for urls, etc.
)
LaTeX Info: Redefining \url on input line 4784.
\XeTeXLinkMargin=\dimen158
 (/usr/local/texlive/2024/texmf-dist/tex/generic/bitset/bitset.sty
Package: bitset 2019/12/09 v1.3 Handle bit-vector datatype (HO)
 (/usr/local/texlive/2024/texmf-dist/tex/generic/bigintcalc/bigintcalc.sty
Package: bigintcalc 2019/12/15 v1.5 Expandable calculations on big integers (HO)
))
\Fld@menulength=\count274
\Field@Width=\dimen159
\Fld@charsize=\dimen160
Package hyperref Info: Hyper figures OFF on input line 6063.
Package hyperref Info: Link nesting OFF on input line 6068.
Package hyperref Info: Hyper index ON on input line 6071.
Package hyperref Info: backreferencing OFF on input line 6078.
Package hyperref Info: Link coloring OFF on input line 6083.
Package hyperref Info: Link coloring with OCG OFF on input line 6088.
Package hyperref Info: PDF/A mode OFF on input line 6093.
 (/usr/local/texlive/2024/texmf-dist/tex/latex/base/atbegshi-ltx.sty
Package: atbegshi-ltx 2021/01/10 v1.0c Emulation of the original atbegshi
package with kernel methods
)
\Hy@abspage=\count275
\c@Item=\count276
\c@Hfootnote=\count277
)
Package hyperref Info: Driver (autodetected): hpdftex.
 (/usr/local/texlive/2024/texmf-dist/tex/latex/hyperref/hpdftex.def
File: hpdftex.def 2024-01-20 v7.01h Hyperref driver for pdfTeX
 (/usr/local/texlive/2024/texmf-dist/tex/latex/base/atveryend-ltx.sty
Package: atveryend-ltx 2020/08/19 v1.0a Emulation of the original atveryend package
with kernel methods
)
\Fld@listcount=\count278
\c@bookmark@seq@number=\count279
 (/usr/local/texlive/2024/texmf-dist/tex/latex/rerunfilecheck/rerunfilecheck.sty
Package: rerunfilecheck 2022-07-10 v1.10 Rerun checks for auxiliary files (HO)
 (/usr/local/texlive/2024/texmf-dist/tex/generic/uniquecounter/uniquecounter.sty
Package: uniquecounter 2019/12/15 v1.4 Provide unlimited unique counter (HO)
)
Package uniquecounter Info: New unique counter `rerunfilecheck' on input line 285.
)
\Hy@SectionHShift=\skip53
)
Package hyperref Info: Option `colorlinks' set `true' on input line 305.
) (/usr/local/texlive/2024/texmf-dist/tex/latex/psnfss/times.sty
Package: times 2020/03/25 PSNFSS-v9.3 (SPQR) 
) (/usr/local/texlive/2024/texmf-dist/tex/latex/base/latexsym.sty
Package: latexsym 1998/08/17 v2.2e Standard LaTeX package (lasy symbols)
\symlasy=\mathgroup4
LaTeX Font Info:    Overwriting symbol font `lasy' in version `bold'
(Font)                  U/lasy/m/n --> U/lasy/b/n on input line 52.
) (/usr/local/texlive/2024/texmf-dist/tex/latex/parskip/parskip.sty
Package: parskip 2021-03-14 v2.0h non-zero parskip adjustments
) (/usr/local/texlive/2024/texmf-dist/tex/latex/float/float.sty
Package: float 2001/11/08 v1.3d Float enhancements (AL)
\c@float@type=\count280
\float@exts=\toks19
\float@box=\box51
\@float@everytoks=\toks20
\@floatcapt=\box52
) (/usr/local/texlive/2024/texmf-dist/tex/latex/booktabs/booktabs.sty
Package: booktabs 2020/01/12 v1.61803398 Publication quality tables
\heavyrulewidth=\dimen161
\lightrulewidth=\dimen162
\cmidrulewidth=\dimen163
\belowrulesep=\dimen164
\belowbottomsep=\dimen165
\aboverulesep=\dimen166
\abovetopsep=\dimen167
\cmidrulesep=\dimen168
\cmidrulekern=\dimen169
\defaultaddspace=\dimen170
\@cmidla=\count281
\@cmidlb=\count282
\@aboverulesep=\dimen171
\@belowrulesep=\dimen172
\@thisruleclass=\count283
\@lastruleclass=\count284
\@thisrulewidth=\dimen173
) (/usr/local/texlive/2024/texmf-dist/tex/latex/multirow/multirow.sty
Package: multirow 2021/03/15 v2.8 Span multiple rows of a table
\multirow@colwidth=\skip54
\multirow@cntb=\count285
\multirow@dima=\skip55
\bigstrutjot=\dimen174
) (/usr/local/texlive/2024/texmf-dist/tex/latex/sttools/stfloats.sty
Package: stfloats 2017/03/27 v3.3 Improve float mechanism and baselineskip settings
\@dblbotnum=\count286
\c@dblbotnumber=\count287
) (/usr/local/texlive/2024/texmf-dist/tex/latex/preprint/balance.sty
Package: balance 1999/02/23 4.3 (PWD)
\oldvsize=\dimen175
) (/usr/local/texlive/2024/texmf-dist/tex/latex/base/fontenc.sty
Package: fontenc 2021/04/29 v2.0v Standard LaTeX package
LaTeX Font Info:    Trying to load font information for T1+ptm on input line 112.
 (/usr/local/texlive/2024/texmf-dist/tex/latex/psnfss/t1ptm.fd
File: t1ptm.fd 2001/06/04 font definitions for T1/ptm.
)) (/usr/local/texlive/2024/texmf-dist/tex/latex/base/inputenc.sty
Package: inputenc 2021/02/14 v1.3d Input encoding file
\inpenc@prehook=\toks21
\inpenc@posthook=\toks22
) (/usr/local/texlive/2024/texmf-dist/tex/latex/microtype/microtype.sty
Package: microtype 2023/03/13 v3.1a Micro-typographical refinements (RS)
\MT@toks=\toks23
\MT@tempbox=\box53
\MT@count=\count288
LaTeX Info: Redefining \noprotrusionifhmode on input line 1059.
LaTeX Info: Redefining \leftprotrusion on input line 1060.
\MT@prot@toks=\toks24
LaTeX Info: Redefining \rightprotrusion on input line 1078.
LaTeX Info: Redefining \textls on input line 1368.
\MT@outer@kern=\dimen176
LaTeX Info: Redefining \textmicrotypecontext on input line 1988.
\MT@listname@count=\count289
 (/usr/local/texlive/2024/texmf-dist/tex/latex/microtype/microtype-pdftex.def
File: microtype-pdftex.def 2023/03/13 v3.1a Definitions specific to pdftex (RS)
LaTeX Info: Redefining \lsstyle on input line 902.
LaTeX Info: Redefining \lslig on input line 902.
\MT@outer@space=\skip56
)
Package microtype Info: Loading configuration file microtype.cfg.
 (/usr/local/texlive/2024/texmf-dist/tex/latex/microtype/microtype.cfg
File: microtype.cfg 2023/03/13 v3.1a microtype main configuration file (RS)
)) (/usr/local/texlive/2024/texmf-dist/tex/latex/inconsolata/inconsolata.sty
Package: inconsolata 2019/05/17 v1.12
 `inconsolata-zi4' v1.12, 2019/05/17 Text macros for Inconsolata (msharpe) (/usr/local/texlive/2024/texmf-dist/tex/latex/base/textcomp.sty
Package: textcomp 2020/02/02 v2.0n Standard LaTeX package
) (/usr/local/texlive/2024/texmf-dist/tex/latex/xkeyval/xkeyval.sty
Package: xkeyval 2022/06/16 v2.9 package option processing (HA)
 (/usr/local/texlive/2024/texmf-dist/tex/generic/xkeyval/xkeyval.tex (/usr/local/texlive/2024/texmf-dist/tex/generic/xkeyval/xkvutils.tex
\XKV@toks=\toks25
\XKV@tempa@toks=\toks26
)
\XKV@depth=\count290
File: xkeyval.tex 2014/12/03 v2.7a key=value parser (HA)
))
\zifour@ocount=\count291
) (/usr/local/texlive/2024/texmf-dist/tex/latex/graphics/graphicx.sty
Package: graphicx 2021/09/16 v1.2d Enhanced LaTeX Graphics (DPC,SPQR)
 (/usr/local/texlive/2024/texmf-dist/tex/latex/graphics/graphics.sty
Package: graphics 2022/03/10 v1.4e Standard LaTeX Graphics (DPC,SPQR)
 (/usr/local/texlive/2024/texmf-dist/tex/latex/graphics/trig.sty
Package: trig 2021/08/11 v1.11 sin cos tan (DPC)
) (/usr/local/texlive/2024/texmf-dist/tex/latex/graphics-cfg/graphics.cfg
File: graphics.cfg 2016/06/04 v1.11 sample graphics configuration
)
Package graphics Info: Driver file: pdftex.def on input line 107.
)
\Gin@req@height=\dimen177
\Gin@req@width=\dimen178
) (/usr/local/texlive/2024/texmf-dist/tex/latex/l3backend/l3backend-pdftex.def
File: l3backend-pdftex.def 2024-02-20 L3 backend support: PDF output (pdfTeX)
\l__color_backend_stack_int=\count292
\l__pdf_internal_box=\box54
)
No file main.aux.
\openout1 = `main.aux'.

LaTeX Font Info:    Checking defaults for OML/cmm/m/it on input line 39.
LaTeX Font Info:    ... okay on input line 39.
LaTeX Font Info:    Checking defaults for OMS/cmsy/m/n on input line 39.
LaTeX Font Info:    ... okay on input line 39.
LaTeX Font Info:    Checking defaults for OT1/cmr/m/n on input line 39.
LaTeX Font Info:    ... okay on input line 39.
LaTeX Font Info:    Checking defaults for T1/cmr/m/n on input line 39.
LaTeX Font Info:    ... okay on input line 39.
LaTeX Font Info:    Checking defaults for TS1/cmr/m/n on input line 39.
LaTeX Font Info:    ... okay on input line 39.
LaTeX Font Info:    Checking defaults for OMX/cmex/m/n on input line 39.
LaTeX Font Info:    ... okay on input line 39.
LaTeX Font Info:    Checking defaults for U/cmr/m/n on input line 39.
LaTeX Font Info:    ... okay on input line 39.
LaTeX Font Info:    Checking defaults for PD1/pdf/m/n on input line 39.
LaTeX Font Info:    ... okay on input line 39.
LaTeX Font Info:    Checking defaults for PU/pdf/m/n on input line 39.
LaTeX Font Info:    ... okay on input line 39.
(/usr/local/texlive/2024/texmf-dist/tex/context/base/mkii/supp-pdf.mkii
[Loading MPS to PDF converter (version 2006.09.02).]
\scratchcounter=\count293
\scratchdimen=\dimen179
\scratchbox=\box55
\nofMPsegments=\count294
\nofMParguments=\count295
\everyMPshowfont=\toks27
\MPscratchCnt=\count296
\MPscratchDim=\dimen180
\MPnumerator=\count297
\makeMPintoPDFobject=\count298
\everyMPtoPDFconversion=\toks28
) (/usr/local/texlive/2024/texmf-dist/tex/latex/epstopdf-pkg/epstopdf-base.sty
Package: epstopdf-base 2020-01-24 v2.11 Base part for package epstopdf
Package epstopdf-base Info: Redefining graphics rule for `.eps' on input line 485.
 (/usr/local/texlive/2024/texmf-dist/tex/latex/latexconfig/epstopdf-sys.cfg
File: epstopdf-sys.cfg 2010/07/13 v1.3 Configuration of (r)epstopdf for TeX Live
))
*geometry* driver: auto-detecting
*geometry* detected driver: pdftex
*geometry* verbose mode - [ preamble ] result:
* driver: pdftex
* paper: a4paper
* layout: <same size as paper>
* layoutoffset:(h,v)=(0.0pt,0.0pt)
* modes: heightrounded 
* h-part:(L,W,R)=(71.13188pt, 455.24411pt, 71.13188pt)
* v-part:(T,H,B)=(71.13188pt, 702.78308pt, 71.13188pt)
* \paperwidth=597.50787pt
* \paperheight=845.04684pt
* \textwidth=455.24411pt
* \textheight=704.60031pt
* \oddsidemargin=-1.1381pt
* \evensidemargin=-1.1381pt
* \topmargin=-38.1381pt
* \headheight=12.0pt
* \headsep=25.0pt
* \topskip=11.0pt
* \footskip=30.0pt
* \marginparwidth=59.0pt
* \marginparsep=10.0pt
* \columnsep=17.07182pt
* \skip\footins=9.0pt plus 4.0pt minus 2.0pt
* \hoffset=0.0pt
* \voffset=0.0pt
* \mag=1000
* \@twocolumntrue
* \@twosidefalse
* \@mparswitchfalse
* \@reversemarginfalse
* (1in=72.27pt=25.4mm, 1cm=28.453pt)

Package caption Info: Begin \AtBeginDocument code.
Package caption Info: float package is loaded.
Package caption Info: hyperref package is loaded.
Package caption Info: End \AtBeginDocument code.
Package hyperref Info: Link coloring ON on input line 39.
\@outlinefile=\write3
\openout3 = `main.out'.

LaTeX Info: Redefining \microtypecontext on input line 39.
Package microtype Info: Applying patch `item' on input line 39.
Package microtype Info: Applying patch `toc' on input line 39.
Package microtype Info: Applying patch `eqnum' on input line 39.
Package microtype Info: Applying patch `footnote' on input line 39.
Package microtype Info: Applying patch `verbatim' on input line 39.
Package microtype Info: Generating PDF output.
Package microtype Info: Character protrusion enabled (level 2).
Package microtype Info: Using default protrusion set `alltext'.
Package microtype Info: Automatic font expansion enabled (level 2),
(microtype)             stretch: 20, shrink: 20, step: 1, non-selected.
Package microtype Info: Using default expansion set `alltext-nott'.
LaTeX Info: Redefining \showhyphens on input line 39.
Package microtype Info: No adjustment of tracking.
Package microtype Info: No adjustment of interword spacing.
Package microtype Info: No adjustment of character kerning.
(/usr/local/texlive/2024/texmf-dist/tex/latex/microtype/mt-ptm.cfg
File: mt-ptm.cfg 2006/04/20 v1.7 microtype config. file: Times (RS)
) (/usr/local/texlive/2024/texmf-dist/tex/latex/upquote/upquote.sty
Package: upquote 2012/04/19 v1.3 upright-quote and grave-accent glyphs in verbatim
) (/usr/local/texlive/2024/texmf-dist/tex/latex/microtype/mt-cmr.cfg
File: mt-cmr.cfg 2013/05/19 v2.2 microtype config. file: Computer Modern Roman (RS)
)
LaTeX Font Info:    External font `cmex10' loaded for size
(Font)              <12> on input line 40.
LaTeX Font Info:    External font `cmex10' loaded for size
(Font)              <8> on input line 40.
LaTeX Font Info:    External font `cmex10' loaded for size
(Font)              <6> on input line 40.
LaTeX Font Info:    Trying to load font information for U+lasy on input line 40.
 (/usr/local/texlive/2024/texmf-dist/tex/latex/base/ulasy.fd
File: ulasy.fd 1998/08/17 v2.2e LaTeX symbol font definitions
)
LaTeX Font Info:    Trying to load font information for T1+zi4 on input line 40.
 (/usr/local/texlive/2024/texmf-dist/tex/latex/inconsolata/t1zi4.fd
File: t1zi4.fd 2018/01/14 T1/zi4 (Inconsolata)
)
LaTeX Font Info:    Font shape `T1/zi4/m/n' will be
(Font)              scaled to size 12.0pt on input line 40.
Package microtype Info: Loading generic protrusion settings for font family
(microtype)             `zi4' (encoding: T1).
(microtype)             For optimal results, create family-specific settings.
(microtype)             See the microtype manual for details.


Package natbib Warning: Citation `ref1' on page 1 undefined on input line 44.


Package natbib Warning: Citation `ref2' on page 1 undefined on input line 46.


Package natbib Warning: Citation `ref3' on page 1 undefined on input line 46.


Package natbib Warning: Citation `ref9' on page 1 undefined on input line 46.


Package natbib Warning: Citation `ref4' on page 1 undefined on input line 50.


Package natbib Warning: Citation `ref5' on page 1 undefined on input line 51.


Package natbib Warning: Citation `ref6' on page 1 undefined on input line 52.


Package natbib Warning: Citation `ref7' on page 1 undefined on input line 53.


Package natbib Warning: Citation `ref8' on page 1 undefined on input line 53.


Package natbib Warning: Citation `ref2' on page 1 undefined on input line 59.

[1{/usr/local/texlive/2024/texmf-var/fonts/map/pdftex/updmap/pdftex.map}{/usr/local/texlive/2024/texmf-dist/fonts/enc/dvips/base/8r.enc}{/usr/local/texlive/2024/texmf-dist/fonts/enc/dvips/inconsolata/i4-t1-0.enc}



]

LaTeX Warning: Reference `sec:Features' on page 2 undefined on input line 64.


Package natbib Warning: Citation `ref10' on page 2 undefined on input line 75.


LaTeX Warning: Reference `tab:FeatureTab' on page 2 undefined on input line 75.


Package natbib Warning: Citation `ref10' on page 2 undefined on input line 75.

LaTeX Font Info:    Trying to load font information for TS1+ptm on input line 77.
(/usr/local/texlive/2024/texmf-dist/tex/latex/psnfss/ts1ptm.fd
File: ts1ptm.fd 2001/06/04 font definitions for TS1/ptm.
)

LaTeX Warning: Reference `sec:Feedback and Plans' on page 2 undefined on input line 84.


LaTeX Warning: Reference `sec:Preprocessing' on page 2 undefined on input line 86.

[2]
Underfull \vbox (badness 10000) has occurred while \output is active []

 [3]
LaTeX Font Info:    External font `cmex10' loaded for size
(Font)              <10.95> on input line 118.

Overfull \hbox (0.81665pt too wide) in paragraph at lines 139--139
[]\T1/ptm/m/n/10.95 (-20) C10| 
 []


Overfull \hbox (0.81665pt too wide) in paragraph at lines 140--140
[]\T1/ptm/m/n/10.95 (-20) C11| 
 []


Overfull \hbox (0.81665pt too wide) in paragraph at lines 141--141
[]\T1/ptm/m/n/10.95 (-20) C12| 
 []


Overfull \hbox (0.81665pt too wide) in paragraph at lines 145--145
[]\T1/ptm/m/n/10.95 (-20) C13| 
 []


Overfull \hbox (0.81665pt too wide) in paragraph at lines 146--146
[]\T1/ptm/m/n/10.95 (-20) C14| 
 []


Overfull \hbox (0.81665pt too wide) in paragraph at lines 147--147
[]\T1/ptm/m/n/10.95 (-20) C15| 
 []


Overfull \hbox (0.81665pt too wide) in paragraph at lines 148--148
[]\T1/ptm/m/n/10.95 (-20) C16| 
 []


LaTeX Warning: Reference `tab:table1' on page 4 undefined on input line 155.


LaTeX Warning: Reference `tab:table2' on page 4 undefined on input line 155.


LaTeX Warning: Reference `tab:table3' on page 4 undefined on input line 155.


LaTeX Warning: Reference `tab:table4' on page 4 undefined on input line 155.


LaTeX Warning: Reference `tab:table5' on page 4 undefined on input line 155.


Package natbib Warning: Citation `ref13' on page 4 undefined on input line 171.


Underfull \vbox (badness 1057) has occurred while \output is active []

 [4]

LaTeX Warning: Reference `tab:table2' on page 5 undefined on input line 178.


LaTeX Warning: Reference `tab:table3' on page 5 undefined on input line 178.


LaTeX Warning: Reference `tab:table4' on page 5 undefined on input line 178.


LaTeX Warning: Reference `tab:table5' on page 5 undefined on input line 178.

(./main.bbl
Overfull \vbox (1.68549pt too high) has occurred while \output is active []

 [5]
Underfull \hbox (badness 1515) in paragraph at lines 30--33
[]\T1/ptm/m/n/10 (+20) H. Latif-Martínez, J. Suárez-Varela, A. Cabellos-
 []

) [6]

LaTeX Warning: Reference `tab:table2' on page 7 undefined on input line 213.


LaTeX Warning: Reference `tab:table3' on page 7 undefined on input line 213.


LaTeX Warning: Reference `tab:table4' on page 7 undefined on input line 213.


LaTeX Warning: Reference `tab:table5' on page 7 undefined on input line 213.

/Users/oliviareich/Desktop/final-project-4AL3/LaTeX Documentation/main.tex:214: Missing $ inserted.
<inserted text> 
                $
l.214 1 = DOS_
              SYN_Hping, 2 = ARP_poisioning, 3 = NMAP_UDP_SCAN, 4 = NMAP_XMA...
I've inserted a begin-math/end-math symbol since I think
you left one out. Proceed, with fingers crossed.

/Users/oliviareich/Desktop/final-project-4AL3/LaTeX Documentation/main.tex:216: Missing $ inserted.
<inserted text> 
                $
l.216 
      
I've inserted a begin-math/end-math symbol since I think
you left one out. Proceed, with fingers crossed.


Underfull \hbox (badness 2150) in paragraph at lines 213--216
\OML/cmm/m/it/10.95 NMAP[]MAS[]REE[]CAN; \OT1/cmr/m/n/10.95 5 = \OML/cmm/m/it/10.95 NMAP[]S[]ETECTION; \OT1/cmr/m/n/10.95 6 = \OML/cmm/m/it/10.95 NMAP[]CP[]can; \OT1/cmr/m/n/10.95 7 =
 []


Underfull \hbox (badness 10000) in paragraph at lines 213--216
\OML/cmm/m/it/10.95 DDOS[]lowloris; \OT1/cmr/m/n/10.95 8 = \OML/cmm/m/it/10.95 Metasploit[]rute[]orce[]SH; \OT1/cmr/m/n/10.95 9 = \OML/cmm/m/it/10.95 NMAP[]IN[]CAN; \OT1/cmr/m/n/10.95 10 =
 []


Overfull \hbox (1.1013pt too wide) in paragraph at lines 288--317
 [][] 
 []


LaTeX Warning: `h' float specifier changed to `ht'.


Overfull \hbox (1.1013pt too wide) in paragraph at lines 323--352
 [][] 
 []


LaTeX Warning: `h' float specifier changed to `ht'.

<figures/figure1.png, id=71, 1393.205pt x 792.9625pt>
File: figures/figure1.png Graphic file (type png)
<use figures/figure1.png>
Package pdftex.def Info: figures/figure1.png  used on input line 358.
(pdftex.def)             Requested size: 409.71692pt x 233.19592pt.

LaTeX Warning: `h' float specifier changed to `ht'.

<figures/figure2.png, id=73, 1396.71812pt x 793.96625pt>
File: figures/figure2.png Graphic file (type png)
<use figures/figure2.png>
Package pdftex.def Info: figures/figure2.png  used on input line 369.
(pdftex.def)             Requested size: 409.71692pt x 232.89748pt.

LaTeX Warning: `h' float specifier changed to `ht'.

<figures/figure3.png, id=74, 1395.71437pt x 786.94pt>
File: figures/figure3.png Graphic file (type png)
<use figures/figure3.png>
Package pdftex.def Info: figures/figure3.png  used on input line 383.
(pdftex.def)             Requested size: 409.71692pt x 231.00455pt.

LaTeX Warning: `h' float specifier changed to `ht'.

<figures/figure4.png, id=75, 1387.1825pt x 786.94pt>
File: figures/figure4.png Graphic file (type png)
<use figures/figure4.png>
Package pdftex.def Info: figures/figure4.png  used on input line 397.
(pdftex.def)             Requested size: 409.71692pt x 232.43347pt.

LaTeX Warning: `h' float specifier changed to `ht'.

<figures/figure5.png, id=76, 1390.69562pt x 792.46063pt>
File: figures/figure5.png Graphic file (type png)
<use figures/figure5.png>
Package pdftex.def Info: figures/figure5.png  used on input line 408.
(pdftex.def)             Requested size: 409.71692pt x 233.45947pt.

LaTeX Warning: `h' float specifier changed to `ht'.

<figures/figure6.png, id=77, 1396.21625pt x 791.95876pt>
File: figures/figure6.png Graphic file (type png)
<use figures/figure6.png>
Package pdftex.def Info: figures/figure6.png  used on input line 422.
(pdftex.def)             Requested size: 409.71692pt x 232.3932pt.

LaTeX Warning: `h' float specifier changed to `ht'.

<figures/figure7.png, id=78, 1391.69937pt x 787.94376pt>
File: figures/figure7.png Graphic file (type png)
<use figures/figure7.png>
Package pdftex.def Info: figures/figure7.png  used on input line 436.
(pdftex.def)             Requested size: 409.71692pt x 231.96046pt.

LaTeX Warning: `h' float specifier changed to `ht'.

<figures/figure8.png, id=79, 1390.19376pt x 786.94pt>
File: figures/figure8.png Graphic file (type png)
<use figures/figure8.png>
Package pdftex.def Info: figures/figure8.png  used on input line 447.
(pdftex.def)             Requested size: 409.71692pt x 231.91714pt.
<figures/figure9.png, id=80, 1391.1975pt x 787.44188pt>
File: figures/figure9.png Graphic file (type png)
<use figures/figure9.png>
Package pdftex.def Info: figures/figure9.png  used on input line 461.
(pdftex.def)             Requested size: 409.71692pt x 231.89684pt.

LaTeX Warning: `h' float specifier changed to `ht'.

<figures/figure16.png, id=81, 2785.40625pt x 1566.85374pt>
File: figures/figure16.png Graphic file (type png)
<use figures/figure16.png>
Package pdftex.def Info: figures/figure16.png  used on input line 475.
(pdftex.def)             Requested size: 409.71692pt x 230.47536pt.

LaTeX Warning: `h' float specifier changed to `ht'.

<figures/figure17.png, id=82, 1392.20125pt x 787.44188pt>
File: figures/figure17.png Graphic file (type png)
<use figures/figure17.png>
Package pdftex.def Info: figures/figure17.png  used on input line 486.
(pdftex.def)             Requested size: 409.71692pt x 231.74063pt.
<figures/figure18.png, id=83, 1390.69562pt x 786.43813pt>
File: figures/figure18.png Graphic file (type png)
<use figures/figure18.png>
Package pdftex.def Info: figures/figure18.png  used on input line 500.
(pdftex.def)             Requested size: 409.71692pt x 231.68523pt.

LaTeX Warning: `h' float specifier changed to `ht'.

<figures/figure10.png, id=84, 1180.91188pt x 496.35437pt>
File: figures/figure10.png Graphic file (type png)
<use figures/figure10.png>
Package pdftex.def Info: figures/figure10.png  used on input line 514.
(pdftex.def)             Requested size: 409.71692pt x 172.2043pt.

LaTeX Warning: `h' float specifier changed to `ht'.

<figures/figure11.png, id=85, 1191.45125pt x 497.86pt>
File: figures/figure11.png Graphic file (type png)
<use figures/figure11.png>
Package pdftex.def Info: figures/figure11.png  used on input line 523.
(pdftex.def)             Requested size: 409.71692pt x 171.19972pt.

LaTeX Warning: `h' float specifier changed to `ht'.

<figures/figure12.png, id=86, 1176.395pt x 497.35812pt>
File: figures/figure12.png Graphic file (type png)
<use figures/figure12.png>
Package pdftex.def Info: figures/figure12.png  used on input line 532.
(pdftex.def)             Requested size: 409.71692pt x 173.22038pt.

LaTeX Warning: `h' float specifier changed to `ht'.

<figures/figure13.png, id=87, 1167.36125pt x 500.87125pt>
File: figures/figure13.png Graphic file (type png)
<use figures/figure13.png>
Package pdftex.def Info: figures/figure13.png  used on input line 541.
(pdftex.def)             Requested size: 409.71692pt x 175.78905pt.

LaTeX Warning: `h' float specifier changed to `ht'.

<figures/figure14.png, id=88, 1172.88188pt x 496.35437pt>
File: figures/figure14.png Graphic file (type png)
<use figures/figure14.png>
Package pdftex.def Info: figures/figure14.png  used on input line 550.
(pdftex.def)             Requested size: 409.71692pt x 173.3858pt.

LaTeX Warning: `h' float specifier changed to `ht'.

<figures/figure15.png, id=89, 1179.90813pt x 498.86375pt>
File: figures/figure15.png Graphic file (type png)
<use figures/figure15.png>
Package pdftex.def Info: figures/figure15.png  used on input line 559.
(pdftex.def)             Requested size: 409.71692pt x 173.22714pt.

LaTeX Warning: `h' float specifier changed to `ht'.

<figures/figure19.png, id=90, 1176.89688pt x 496.85625pt>
File: figures/figure19.png Graphic file (type png)
<use figures/figure19.png>
Package pdftex.def Info: figures/figure19.png  used on input line 568.
(pdftex.def)             Requested size: 409.71692pt x 172.96977pt.

LaTeX Warning: `h' float specifier changed to `ht'.

<figures/figure20.png, id=91, 1166.3575pt x 496.85625pt>
File: figures/figure20.png Graphic file (type png)
<use figures/figure20.png>
Package pdftex.def Info: figures/figure20.png  used on input line 577.
(pdftex.def)             Requested size: 409.71692pt x 174.53154pt.

LaTeX Warning: `h' float specifier changed to `ht'.


Overfull \hbox (28.78734pt too wide) in paragraph at lines 589--656
 [][] 
 []


Overfull \hbox (11.50851pt too wide) in paragraph at lines 660--725
 [][] 
 []


LaTeX Warning: Float too large for page by 58.19936pt on input line 725.


Overfull \hbox (12.71269pt too wide) in paragraph at lines 729--772
 [][] 
 []


Package natbib Warning: There were undefined citations.

[7


] [8] [9 <./figures/figure1.png> <./figures/figure2.png>] [10 <./figures/figure3.png> <./figures/figure4.png>] [11 <./figures/figure5.png> <./figures/figure6.png>] [12 <./figures/figure7.png> <./figures/figure9.png>] [13 <./figures/figure16.png> <./figures/figure18.png>] [14 <./figures/figure10.png> <./figures/figure11.png> <./figures/figure12.png>] [15 <./figures/figure13.png> <./figures/figure14.png> <./figures/figure15.png>] [16 <./figures/figure19.png> <./figures/figure20.png>] [17] [18] [19] (./main.aux

Package natbib Warning: Citation(s) may have changed.
(natbib)                Rerun to get citations correct.

)
 ***********
LaTeX2e <2023-11-01> patch level 1
L3 programming layer <2024-02-20>
 ***********


LaTeX Warning: There were undefined references.


LaTeX Warning: Label(s) may have changed. Rerun to get cross-references right.


Package rerunfilecheck Warning: File `main.out' has changed.
(rerunfilecheck)                Rerun to get outlines right
(rerunfilecheck)                or use package `bookmark'.

Package rerunfilecheck Info: Checksums for `main.out':
(rerunfilecheck)             Before: <no file>
(rerunfilecheck)             After:  5D17A1644E9A1125DC9056D597B7042C;1983.
 ) 
Here is how much of TeX's memory you used:
 14470 strings out of 474116
 234116 string characters out of 5743682
 2019187 words of memory out of 5000000
 36308 multiletter control sequences out of 15000+600000
 596372 words of font info for 232 fonts, out of 8000000 for 9000
 1141 hyphenation exceptions out of 8191
 90i,10n,93p,1761b,572s stack positions out of 10000i,1000n,20000p,200000b,200000s
</usr/local/texlive/2024/texmf-dist/fonts/type1/public/inconsolata/Inconsolata-zi4r.pfb></usr/local/texlive/2024/texmf-dist/fonts/type1/public/amsfonts/cm/cmmi10.pfb></usr/local/texlive/2024/texmf-dist/fonts/type1/public/amsfonts/cm/cmmi8.pfb></usr/local/texlive/2024/texmf-dist/fonts/type1/public/amsfonts/cm/cmr10.pfb></usr/local/texlive/2024/texmf-dist/fonts/type1/urw/times/utmb8a.pfb></usr/local/texlive/2024/texmf-dist/fonts/type1/urw/times/utmr8a.pfb></usr/local/texlive/2024/texmf-dist/fonts/type1/urw/times/utmri8a.pfb>
Output written on main.pdf (19 pages, 7209043 bytes).
PDF statistics:
 246 PDF objects out of 1000 (max. 8388607)
 171 compressed objects within 2 object streams
 74 named destinations out of 1000 (max. 500000)
 37477 words of extra memory for PDF output out of 42996 (max. 10000000)

